============================= test session starts ==============================
platform linux -- Python 3.12.4, pytest-8.3.0, pluggy-1.6.0
rootdir: /app
configfile: pytest.ini
plugins: Faker-33.1.0, anyio-4.12.1, asyncio-0.24.0, cov-7.0.0
asyncio: mode=Mode.AUTO, default_loop_scope=function
collected 1 item

tests/test_ingredient_history.py F                                       [100%]

=================================== FAILURES ===================================
______________________ test_ingredient_cost_history_flow _______________________

self = <sqlalchemy.dialects.postgresql.asyncpg.AsyncAdapt_asyncpg_cursor object at 0x782b72466980>
operation = 'INSERT INTO ingredient_cost_history (id, ingredient_id, previous_cost, new_cost, reason, user_id, created_at) VALUES ($1::UUID, $2::UUID, $3::NUMERIC(10, 2), $4::NUMERIC(10, 2), $5::VARCHAR, $6::INTEGER, $7::TIMESTAMP WITHOUT TIME ZONE)'
parameters = (UUID('82e577f3-aff6-43ca-ba83-a31e7e709626'), UUID('aaf288a5-a60a-46d4-a00a-6a8262b6286a'), Decimal('5000.00'), Decimal('6000'), 'Inflation adjustment', 384, ...)

    async def _prepare_and_execute(self, operation, parameters):
        adapt_connection = self._adapt_connection
    
        async with adapt_connection._execute_mutex:
            if not adapt_connection._started:
                await adapt_connection._start_transaction()
    
            if parameters is None:
                parameters = ()
    
            try:
>               prepared_stmt, attributes = await adapt_connection._prepare(
                    operation, self._invalidate_schema_cache_asof
                )

/usr/local/lib/python3.12/site-packages/sqlalchemy/dialects/postgresql/asyncpg.py:510: 
_ _ _ _ _ _ _ _ _ _ _ _ _ _ _ _ _ _ _ _ _ _ _ _ _ _ _ _ _ _ _ _ _ _ _ _ _ _ _ _ 
/usr/local/lib/python3.12/site-packages/sqlalchemy/dialects/postgresql/asyncpg.py:756: in _prepare
    prepared_stmt = await self._connection.prepare(
/usr/local/lib/python3.12/site-packages/asyncpg/connection.py:635: in prepare
    return await self._prepare(
/usr/local/lib/python3.12/site-packages/asyncpg/connection.py:653: in _prepare
    stmt = await self._get_statement(
/usr/local/lib/python3.12/site-packages/asyncpg/connection.py:432: in _get_statement
    statement = await self._protocol.prepare(
_ _ _ _ _ _ _ _ _ _ _ _ _ _ _ _ _ _ _ _ _ _ _ _ _ _ _ _ _ _ _ _ _ _ _ _ _ _ _ _ 

>   ???
E   asyncpg.exceptions.UndefinedTableError: relation "ingredient_cost_history" does not exist

asyncpg/protocol/protocol.pyx:165: UndefinedTableError

The above exception was the direct cause of the following exception:

self = <sqlalchemy.engine.base.Connection object at 0x782b7241f8f0>
dialect = <sqlalchemy.dialects.postgresql.asyncpg.PGDialect_asyncpg object at 0x782b7305bb90>
context = <sqlalchemy.dialects.postgresql.asyncpg.PGExecutionContext_asyncpg object at 0x782b72484aa0>
statement = <sqlalchemy.dialects.postgresql.asyncpg.PGCompiler_asyncpg object at 0x782b72484440>
parameters = [(UUID('82e577f3-aff6-43ca-ba83-a31e7e709626'), UUID('aaf288a5-a60a-46d4-a00a-6a8262b6286a'), Decimal('5000.00'), Decimal('6000'), 'Inflation adjustment', 384, ...)]

    def _exec_single_context(
        self,
        dialect: Dialect,
        context: ExecutionContext,
        statement: Union[str, Compiled],
        parameters: Optional[_AnyMultiExecuteParams],
    ) -> CursorResult[Any]:
        """continue the _execute_context() method for a single DBAPI
        cursor.execute() or cursor.executemany() call.
    
        """
        if dialect.bind_typing is BindTyping.SETINPUTSIZES:
            generic_setinputsizes = context._prepare_set_input_sizes()
    
            if generic_setinputsizes:
                try:
                    dialect.do_set_input_sizes(
                        context.cursor, generic_setinputsizes, context
                    )
                except BaseException as e:
                    self._handle_dbapi_exception(
                        e, str(statement), parameters, None, context
                    )
    
        cursor, str_statement, parameters = (
            context.cursor,
            context.statement,
            context.parameters,
        )
    
        effective_parameters: Optional[_AnyExecuteParams]
    
        if not context.executemany:
            effective_parameters = parameters[0]
        else:
            effective_parameters = parameters
    
        if self._has_events or self.engine._has_events:
            for fn in self.dispatch.before_cursor_execute:
                str_statement, effective_parameters = fn(
                    self,
                    cursor,
                    str_statement,
                    effective_parameters,
                    context,
                    context.executemany,
                )
    
        if self._echo:
            self._log_info(str_statement)
    
            stats = context._get_cache_stats()
    
            if not self.engine.hide_parameters:
                self._log_info(
                    "[%s] %r",
                    stats,
                    sql_util._repr_params(
                        effective_parameters,
                        batches=10,
                        ismulti=context.executemany,
                    ),
                )
            else:
                self._log_info(
                    "[%s] [SQL parameters hidden due to hide_parameters=True]",
                    stats,
                )
    
        evt_handled: bool = False
        try:
            if context.execute_style is ExecuteStyle.EXECUTEMANY:
                effective_parameters = cast(
                    "_CoreMultiExecuteParams", effective_parameters
                )
                if self.dialect._has_events:
                    for fn in self.dialect.dispatch.do_executemany:
                        if fn(
                            cursor,
                            str_statement,
                            effective_parameters,
                            context,
                        ):
                            evt_handled = True
                            break
                if not evt_handled:
                    self.dialect.do_executemany(
                        cursor,
                        str_statement,
                        effective_parameters,
                        context,
                    )
            elif not effective_parameters and context.no_parameters:
                if self.dialect._has_events:
                    for fn in self.dialect.dispatch.do_execute_no_params:
                        if fn(cursor, str_statement, context):
                            evt_handled = True
                            break
                if not evt_handled:
                    self.dialect.do_execute_no_params(
                        cursor, str_statement, context
                    )
            else:
                effective_parameters = cast(
                    "_CoreSingleExecuteParams", effective_parameters
                )
                if self.dialect._has_events:
                    for fn in self.dialect.dispatch.do_execute:
                        if fn(
                            cursor,
                            str_statement,
                            effective_parameters,
                            context,
                        ):
                            evt_handled = True
                            break
                if not evt_handled:
>                   self.dialect.do_execute(
                        cursor, str_statement, effective_parameters, context
                    )

/usr/local/lib/python3.12/site-packages/sqlalchemy/engine/base.py:1967: 
_ _ _ _ _ _ _ _ _ _ _ _ _ _ _ _ _ _ _ _ _ _ _ _ _ _ _ _ _ _ _ _ _ _ _ _ _ _ _ _ 
/usr/local/lib/python3.12/site-packages/sqlalchemy/engine/default.py:941: in do_execute
    cursor.execute(statement, parameters)
/usr/local/lib/python3.12/site-packages/sqlalchemy/dialects/postgresql/asyncpg.py:568: in execute
    self._adapt_connection.await_(
/usr/local/lib/python3.12/site-packages/sqlalchemy/util/_concurrency_py3k.py:132: in await_only
    return current.parent.switch(awaitable)  # type: ignore[no-any-return,attr-defined] # noqa: E501
/usr/local/lib/python3.12/site-packages/sqlalchemy/util/_concurrency_py3k.py:196: in greenlet_spawn
    value = await result
/usr/local/lib/python3.12/site-packages/sqlalchemy/dialects/postgresql/asyncpg.py:546: in _prepare_and_execute
    self._handle_exception(error)
/usr/local/lib/python3.12/site-packages/sqlalchemy/dialects/postgresql/asyncpg.py:497: in _handle_exception
    self._adapt_connection._handle_exception(error)
_ _ _ _ _ _ _ _ _ _ _ _ _ _ _ _ _ _ _ _ _ _ _ _ _ _ _ _ _ _ _ _ _ _ _ _ _ _ _ _ 

self = <AdaptedConnection <asyncpg.connection.Connection object at 0x782b72ddcb90>>
error = UndefinedTableError('relation "ingredient_cost_history" does not exist')

    def _handle_exception(self, error):
        if self._connection.is_closed():
            self._transaction = None
            self._started = False
    
        if not isinstance(error, AsyncAdapt_asyncpg_dbapi.Error):
            exception_mapping = self.dbapi._asyncpg_error_translate
    
            for super_ in type(error).__mro__:
                if super_ in exception_mapping:
                    translated_error = exception_mapping[super_](
                        "%s: %s" % (type(error), error)
                    )
                    translated_error.pgcode = translated_error.sqlstate = (
                        getattr(error, "sqlstate", None)
                    )
>                   raise translated_error from error
E                   sqlalchemy.dialects.postgresql.asyncpg.AsyncAdapt_asyncpg_dbapi.ProgrammingError: <class 'asyncpg.exceptions.UndefinedTableError'>: relation "ingredient_cost_history" does not exist

/usr/local/lib/python3.12/site-packages/sqlalchemy/dialects/postgresql/asyncpg.py:780: ProgrammingError

The above exception was the direct cause of the following exception:

client = <httpx.AsyncClient object at 0x782b731f53d0>
auth_headers = {'Authorization': 'Bearer eyJhbGciOiJIUzI1NiIsInR5cCI6IkpXVCJ9.eyJzdWIiOiJ1c2VyX2M0MDMyNDlkQGV4YW1wbGUuY29tIiwiY29tcGF...yZWFkIiwib3JkZXJzLnJlYWQiLCJpbnZlbnRvcnkucmVhZCJdLCJleHAiOjE3Njg0MjIwMjR9.WVMGZSxGzTGZ-YiJ7MhZ7KDNwf3xEhxkaJJM7ct8MFg'}

    @pytest.mark.asyncio
    async def test_ingredient_cost_history_flow(client: AsyncClient, auth_headers: dict):
        # 1. Create Ingredient
        create_payload = {
            "name": "Harina Test History",
            "sku": "HAR-HIST-001",
            "base_unit": "kg",
            "current_cost": 5000,
            "yield_factor": 1.0,
            "category_id": None
        }
        response = await client.post("/ingredients/", json=create_payload, headers=auth_headers)
        assert response.status_code == 201
        ingredient = response.json()
        ingredient_id = ingredient["id"]
    
        # 2. Update Cost (First Update)
        update_payload_1 = {
            "new_cost": 6000,
            "use_weighted_average": False,
            "reason": "Inflation adjustment"
        }
>       response = await client.post(f"/ingredients/{ingredient_id}/update-cost", json=update_payload_1, headers=auth_headers)

tests/test_ingredient_history.py:28: 
_ _ _ _ _ _ _ _ _ _ _ _ _ _ _ _ _ _ _ _ _ _ _ _ _ _ _ _ _ _ _ _ _ _ _ _ _ _ _ _ 
/usr/local/lib/python3.12/site-packages/httpx/_client.py:1859: in post
    return await self.request(
/usr/local/lib/python3.12/site-packages/httpx/_client.py:1540: in request
    return await self.send(request, auth=auth, follow_redirects=follow_redirects)
/usr/local/lib/python3.12/site-packages/httpx/_client.py:1629: in send
    response = await self._send_handling_auth(
/usr/local/lib/python3.12/site-packages/httpx/_client.py:1657: in _send_handling_auth
    response = await self._send_handling_redirects(
/usr/local/lib/python3.12/site-packages/httpx/_client.py:1694: in _send_handling_redirects
    response = await self._send_single_request(request)
/usr/local/lib/python3.12/site-packages/httpx/_client.py:1730: in _send_single_request
    response = await transport.handle_async_request(request)
/usr/local/lib/python3.12/site-packages/httpx/_transports/asgi.py:170: in handle_async_request
    await self.app(scope, receive, send)
/usr/local/lib/python3.12/site-packages/fastapi/applications.py:1054: in __call__
    await super().__call__(scope, receive, send)
/usr/local/lib/python3.12/site-packages/starlette/applications.py:113: in __call__
    await self.middleware_stack(scope, receive, send)
/usr/local/lib/python3.12/site-packages/starlette/middleware/errors.py:187: in __call__
    raise exc
/usr/local/lib/python3.12/site-packages/starlette/middleware/errors.py:165: in __call__
    await self.app(scope, receive, _send)
/usr/local/lib/python3.12/site-packages/starlette/middleware/cors.py:85: in __call__
    await self.app(scope, receive, send)
/usr/local/lib/python3.12/site-packages/starlette/middleware/exceptions.py:62: in __call__
    await wrap_app_handling_exceptions(self.app, conn)(scope, receive, send)
/usr/local/lib/python3.12/site-packages/starlette/_exception_handler.py:53: in wrapped_app
    raise exc
/usr/local/lib/python3.12/site-packages/starlette/_exception_handler.py:42: in wrapped_app
    await app(scope, receive, sender)
/usr/local/lib/python3.12/site-packages/starlette/routing.py:715: in __call__
    await self.middleware_stack(scope, receive, send)
/usr/local/lib/python3.12/site-packages/starlette/routing.py:735: in app
    await route.handle(scope, receive, send)
/usr/local/lib/python3.12/site-packages/starlette/routing.py:288: in handle
    await self.app(scope, receive, send)
/usr/local/lib/python3.12/site-packages/starlette/routing.py:76: in app
    await wrap_app_handling_exceptions(app, request)(scope, receive, send)
/usr/local/lib/python3.12/site-packages/starlette/_exception_handler.py:53: in wrapped_app
    raise exc
/usr/local/lib/python3.12/site-packages/starlette/_exception_handler.py:42: in wrapped_app
    await app(scope, receive, sender)
/usr/local/lib/python3.12/site-packages/starlette/routing.py:73: in app
    response = await f(request)
/usr/local/lib/python3.12/site-packages/fastapi/routing.py:301: in app
    raw_response = await run_endpoint_function(
/usr/local/lib/python3.12/site-packages/fastapi/routing.py:212: in run_endpoint_function
    return await dependant.call(**values)
app/routers/ingredients.py:166: in update_ingredient_cost
    ingredient = await service.update_cost_from_purchase(
app/services/ingredient_service.py:223: in update_cost_from_purchase
    await self.session.commit()
/usr/local/lib/python3.12/site-packages/sqlalchemy/ext/asyncio/session.py:1009: in commit
    await greenlet_spawn(self.sync_session.commit)
/usr/local/lib/python3.12/site-packages/sqlalchemy/util/_concurrency_py3k.py:203: in greenlet_spawn
    result = context.switch(value)
/usr/local/lib/python3.12/site-packages/sqlalchemy/orm/session.py:2028: in commit
    trans.commit(_to_root=True)
<string>:2: in commit
    ???
/usr/local/lib/python3.12/site-packages/sqlalchemy/orm/state_changes.py:139: in _go
    ret_value = fn(self, *arg, **kw)
/usr/local/lib/python3.12/site-packages/sqlalchemy/orm/session.py:1313: in commit
    self._prepare_impl()
<string>:2: in _prepare_impl
    ???
/usr/local/lib/python3.12/site-packages/sqlalchemy/orm/state_changes.py:139: in _go
    ret_value = fn(self, *arg, **kw)
/usr/local/lib/python3.12/site-packages/sqlalchemy/orm/session.py:1288: in _prepare_impl
    self.session.flush()
/usr/local/lib/python3.12/site-packages/sqlalchemy/orm/session.py:4352: in flush
    self._flush(objects)
/usr/local/lib/python3.12/site-packages/sqlalchemy/orm/session.py:4487: in _flush
    with util.safe_reraise():
/usr/local/lib/python3.12/site-packages/sqlalchemy/util/langhelpers.py:146: in __exit__
    raise exc_value.with_traceback(exc_tb)
/usr/local/lib/python3.12/site-packages/sqlalchemy/orm/session.py:4448: in _flush
    flush_context.execute()
/usr/local/lib/python3.12/site-packages/sqlalchemy/orm/unitofwork.py:466: in execute
    rec.execute(self)
/usr/local/lib/python3.12/site-packages/sqlalchemy/orm/unitofwork.py:642: in execute
    util.preloaded.orm_persistence.save_obj(
/usr/local/lib/python3.12/site-packages/sqlalchemy/orm/persistence.py:93: in save_obj
    _emit_insert_statements(
/usr/local/lib/python3.12/site-packages/sqlalchemy/orm/persistence.py:1048: in _emit_insert_statements
    result = connection.execute(
/usr/local/lib/python3.12/site-packages/sqlalchemy/engine/base.py:1418: in execute
    return meth(
/usr/local/lib/python3.12/site-packages/sqlalchemy/sql/elements.py:515: in _execute_on_connection
    return connection._execute_clauseelement(
/usr/local/lib/python3.12/site-packages/sqlalchemy/engine/base.py:1640: in _execute_clauseelement
    ret = self._execute_context(
/usr/local/lib/python3.12/site-packages/sqlalchemy/engine/base.py:1846: in _execute_context
    return self._exec_single_context(
/usr/local/lib/python3.12/site-packages/sqlalchemy/engine/base.py:1986: in _exec_single_context
    self._handle_dbapi_exception(
/usr/local/lib/python3.12/site-packages/sqlalchemy/engine/base.py:2355: in _handle_dbapi_exception
    raise sqlalchemy_exception.with_traceback(exc_info[2]) from e
/usr/local/lib/python3.12/site-packages/sqlalchemy/engine/base.py:1967: in _exec_single_context
    self.dialect.do_execute(
/usr/local/lib/python3.12/site-packages/sqlalchemy/engine/default.py:941: in do_execute
    cursor.execute(statement, parameters)
/usr/local/lib/python3.12/site-packages/sqlalchemy/dialects/postgresql/asyncpg.py:568: in execute
    self._adapt_connection.await_(
/usr/local/lib/python3.12/site-packages/sqlalchemy/util/_concurrency_py3k.py:132: in await_only
    return current.parent.switch(awaitable)  # type: ignore[no-any-return,attr-defined] # noqa: E501
/usr/local/lib/python3.12/site-packages/sqlalchemy/util/_concurrency_py3k.py:196: in greenlet_spawn
    value = await result
/usr/local/lib/python3.12/site-packages/sqlalchemy/dialects/postgresql/asyncpg.py:546: in _prepare_and_execute
    self._handle_exception(error)
/usr/local/lib/python3.12/site-packages/sqlalchemy/dialects/postgresql/asyncpg.py:497: in _handle_exception
    self._adapt_connection._handle_exception(error)
_ _ _ _ _ _ _ _ _ _ _ _ _ _ _ _ _ _ _ _ _ _ _ _ _ _ _ _ _ _ _ _ _ _ _ _ _ _ _ _ 

self = <AdaptedConnection <asyncpg.connection.Connection object at 0x782b72ddcb90>>
error = UndefinedTableError('relation "ingredient_cost_history" does not exist')

    def _handle_exception(self, error):
        if self._connection.is_closed():
            self._transaction = None
            self._started = False
    
        if not isinstance(error, AsyncAdapt_asyncpg_dbapi.Error):
            exception_mapping = self.dbapi._asyncpg_error_translate
    
            for super_ in type(error).__mro__:
                if super_ in exception_mapping:
                    translated_error = exception_mapping[super_](
                        "%s: %s" % (type(error), error)
                    )
                    translated_error.pgcode = translated_error.sqlstate = (
                        getattr(error, "sqlstate", None)
                    )
>                   raise translated_error from error
E                   sqlalchemy.exc.ProgrammingError: (sqlalchemy.dialects.postgresql.asyncpg.ProgrammingError) <class 'asyncpg.exceptions.UndefinedTableError'>: relation "ingredient_cost_history" does not exist
E                   [SQL: INSERT INTO ingredient_cost_history (id, ingredient_id, previous_cost, new_cost, reason, user_id, created_at) VALUES ($1::UUID, $2::UUID, $3::NUMERIC(10, 2), $4::NUMERIC(10, 2), $5::VARCHAR, $6::INTEGER, $7::TIMESTAMP WITHOUT TIME ZONE)]
E                   [parameters: (UUID('82e577f3-aff6-43ca-ba83-a31e7e709626'), UUID('aaf288a5-a60a-46d4-a00a-6a8262b6286a'), Decimal('5000.00'), Decimal('6000'), 'Inflation adjustment', 384, datetime.datetime(2026, 1, 14, 19, 50, 24, 534508))]
E                   (Background on this error at: https://sqlalche.me/e/20/f405)

/usr/local/lib/python3.12/site-packages/sqlalchemy/dialects/postgresql/asyncpg.py:780: ProgrammingError
------------------------------ Captured log setup ------------------------------
WARNING  passlib.handlers.bcrypt:bcrypt.py:622 (trapped) error reading bcrypt version
Traceback (most recent call last):
  File "/usr/local/lib/python3.12/site-packages/passlib/handlers/bcrypt.py", line 620, in _load_backend_mixin
    version = _bcrypt.__about__.__version__
              ^^^^^^^^^^^^^^^^^
AttributeError: module 'bcrypt' has no attribute '__about__'
=========================== short test summary info ============================
FAILED tests/test_ingredient_history.py::test_ingredient_cost_history_flow - ...
============================== 1 failed in 6.25s ===============================
